2026-01-17T17:15:16.691963Z  INFO tailwindcss_oxide::scanner: Provided sources:
2026-01-17T17:15:16.692060Z  INFO tailwindcss_oxide::scanner: Source: PublicSourceEntry { base: "G:\\DEV\\LAB\\thesimpsonsapi", pattern: "**/*", negated: false }
2026-01-17T17:15:16.692226Z  INFO tailwindcss_oxide::scanner: Optimized sources:
2026-01-17T17:15:16.692243Z  INFO tailwindcss_oxide::scanner: Source: Auto { base: "G:\\DEV\\LAB\\thesimpsonsapi" }
2026-01-17T17:15:16.693892Z  INFO scan_sources: tailwindcss_oxide::scanner: enter
2026-01-17T17:15:16.695454Z  INFO scan_sources: tailwindcss_oxide::scanner: Discovering "G:\\DEV\\LAB\\thesimpsonsapi\\.pr-body-temp.md"
2026-01-17T17:15:16.695873Z  INFO scan_sources: tailwindcss_oxide::scanner: Discovering "G:\\DEV\\LAB\\thesimpsonsapi\\app"
2026-01-17T17:15:16.696202Z  INFO scan_sources: tailwindcss_oxide::scanner: Discovering "G:\\DEV\\LAB\\thesimpsonsapi\\app\\api"
2026-01-17T17:15:16.696356Z  INFO scan_sources: tailwindcss_oxide::scanner: Discovering "G:\\DEV\\LAB\\thesimpsonsapi\\app\\api\\auth"
2026-01-17T17:15:16.696498Z  INFO scan_sources: tailwindcss_oxide::scanner: Discovering "G:\\DEV\\LAB\\thesimpsonsapi\\app\\api\\auth\\[...all]"
2026-01-17T17:15:16.696611Z  INFO scan_sources: tailwindcss_oxide::scanner: Discovering "G:\\DEV\\LAB\\thesimpsonsapi\\app\\api\\auth\\[...all]\\route.ts"
2026-01-17T17:15:16.696704Z  INFO scan_sources: tailwindcss_oxide::scanner: Discovering "G:\\DEV\\LAB\\thesimpsonsapi\\app\\apple-icon.tsx"
2026-01-17T17:15:16.696775Z  INFO scan_sources: tailwindcss_oxide::scanner: Discovering "G:\\DEV\\LAB\\thesimpsonsapi\\app\\characters"
2026-01-17T17:15:16.696881Z  INFO scan_sources: tailwindcss_oxide::scanner: Discovering "G:\\DEV\\LAB\\thesimpsonsapi\\app\\characters\\page.tsx"
2026-01-17T17:15:16.696951Z  INFO scan_sources: tailwindcss_oxide::scanner: Discovering "G:\\DEV\\LAB\\thesimpsonsapi\\app\\characters\\[id]"
2026-01-17T17:15:16.697054Z  INFO scan_sources: tailwindcss_oxide::scanner: Discovering "G:\\DEV\\LAB\\thesimpsonsapi\\app\\characters\\[id]\\page.tsx"
2026-01-17T17:15:16.697158Z  INFO scan_sources: tailwindcss_oxide::scanner: Discovering "G:\\DEV\\LAB\\thesimpsonsapi\\app\\collections"
2026-01-17T17:15:16.697288Z  INFO scan_sources: tailwindcss_oxide::scanner: Discovering "G:\\DEV\\LAB\\thesimpsonsapi\\app\\collections\\page.tsx"
2026-01-17T17:15:16.697405Z  INFO scan_sources: tailwindcss_oxide::scanner: Discovering "G:\\DEV\\LAB\\thesimpsonsapi\\app\\diary"
2026-01-17T17:15:16.697519Z  INFO scan_sources: tailwindcss_oxide::scanner: Discovering "G:\\DEV\\LAB\\thesimpsonsapi\\app\\diary\\page.tsx"
2026-01-17T17:15:16.697590Z  INFO scan_sources: tailwindcss_oxide::scanner: Discovering "G:\\DEV\\LAB\\thesimpsonsapi\\app\\episodes"
2026-01-17T17:15:16.697663Z  INFO scan_sources: tailwindcss_oxide::scanner: Discovering "G:\\DEV\\LAB\\thesimpsonsapi\\app\\episodes\\page.tsx"
2026-01-17T17:15:16.697711Z  INFO scan_sources: tailwindcss_oxide::scanner: Discovering "G:\\DEV\\LAB\\thesimpsonsapi\\app\\episodes\\[id]"
2026-01-17T17:15:16.697789Z  INFO scan_sources: tailwindcss_oxide::scanner: Discovering "G:\\DEV\\LAB\\thesimpsonsapi\\app\\episodes\\[id]\\page.tsx"
2026-01-17T17:15:16.697842Z  INFO scan_sources: tailwindcss_oxide::scanner: Discovering "G:\\DEV\\LAB\\thesimpsonsapi\\app\\globals.css"
2026-01-17T17:15:16.697890Z  INFO scan_sources: tailwindcss_oxide::scanner: Discovering "G:\\DEV\\LAB\\thesimpsonsapi\\app\\guide"
2026-01-17T17:15:16.697974Z  INFO scan_sources: tailwindcss_oxide::scanner: Discovering "G:\\DEV\\LAB\\thesimpsonsapi\\app\\guide\\helper"
2026-01-17T17:15:16.698057Z  INFO scan_sources: tailwindcss_oxide::scanner: Discovering "G:\\DEV\\LAB\\thesimpsonsapi\\app\\guide\\helper\\page.tsx"
2026-01-17T17:15:16.698097Z  INFO scan_sources: tailwindcss_oxide::scanner: Discovering "G:\\DEV\\LAB\\thesimpsonsapi\\app\\guide\\page.tsx"
2026-01-17T17:15:16.698138Z  INFO scan_sources: tailwindcss_oxide::scanner: Discovering "G:\\DEV\\LAB\\thesimpsonsapi\\app\\icon.tsx"
2026-01-17T17:15:16.698170Z  INFO scan_sources: tailwindcss_oxide::scanner: Discovering "G:\\DEV\\LAB\\thesimpsonsapi\\app\\layout.tsx"
2026-01-17T17:15:16.698244Z  INFO scan_sources: tailwindcss_oxide::scanner: Discovering "G:\\DEV\\LAB\\thesimpsonsapi\\app\\login"
2026-01-17T17:15:16.698317Z  INFO scan_sources: tailwindcss_oxide::scanner: Discovering "G:\\DEV\\LAB\\thesimpsonsapi\\app\\login\\page.tsx"
2026-01-17T17:15:16.698357Z  INFO scan_sources: tailwindcss_oxide::scanner: Discovering "G:\\DEV\\LAB\\thesimpsonsapi\\app\\page.tsx"
2026-01-17T17:15:16.698403Z  INFO scan_sources: tailwindcss_oxide::scanner: Discovering "G:\\DEV\\LAB\\thesimpsonsapi\\app\\register"
2026-01-17T17:15:16.698471Z  INFO scan_sources: tailwindcss_oxide::scanner: Discovering "G:\\DEV\\LAB\\thesimpsonsapi\\app\\register\\page.tsx"
2026-01-17T17:15:16.698528Z  INFO scan_sources: tailwindcss_oxide::scanner: Discovering "G:\\DEV\\LAB\\thesimpsonsapi\\app\\_actions"
2026-01-17T17:15:16.698597Z  INFO scan_sources: tailwindcss_oxide::scanner: Discovering "G:\\DEV\\LAB\\thesimpsonsapi\\app\\_actions\\collections.ts"
2026-01-17T17:15:16.698628Z  INFO scan_sources: tailwindcss_oxide::scanner: Discovering "G:\\DEV\\LAB\\thesimpsonsapi\\app\\_actions\\diary.ts"
2026-01-17T17:15:16.698659Z  INFO scan_sources: tailwindcss_oxide::scanner: Discovering "G:\\DEV\\LAB\\thesimpsonsapi\\app\\_actions\\episodes.ts"
2026-01-17T17:15:16.698691Z  INFO scan_sources: tailwindcss_oxide::scanner: Discovering "G:\\DEV\\LAB\\thesimpsonsapi\\app\\_actions\\social.ts"
2026-01-17T17:15:16.698721Z  INFO scan_sources: tailwindcss_oxide::scanner: Discovering "G:\\DEV\\LAB\\thesimpsonsapi\\app\\_actions\\sync.ts"
2026-01-17T17:15:16.698753Z  INFO scan_sources: tailwindcss_oxide::scanner: Discovering "G:\\DEV\\LAB\\thesimpsonsapi\\app\\_actions\\trivia.ts"
2026-01-17T17:15:16.698812Z  INFO scan_sources: tailwindcss_oxide::scanner: Discovering "G:\\DEV\\LAB\\thesimpsonsapi\\app\\_components"
2026-01-17T17:15:16.698887Z  INFO scan_sources: tailwindcss_oxide::scanner: Discovering "G:\\DEV\\LAB\\thesimpsonsapi\\app\\_components\\Breadcrumbs.tsx"
2026-01-17T17:15:16.698920Z  INFO scan_sources: tailwindcss_oxide::scanner: Discovering "G:\\DEV\\LAB\\thesimpsonsapi\\app\\_components\\CharacterImage.tsx"
2026-01-17T17:15:16.698952Z  INFO scan_sources: tailwindcss_oxide::scanner: Discovering "G:\\DEV\\LAB\\thesimpsonsapi\\app\\_components\\CommentSection.tsx"
2026-01-17T17:15:16.698984Z  INFO scan_sources: tailwindcss_oxide::scanner: Discovering "G:\\DEV\\LAB\\thesimpsonsapi\\app\\_components\\CreateCollectionForm.tsx"
2026-01-17T17:15:16.699017Z  INFO scan_sources: tailwindcss_oxide::scanner: Discovering "G:\\DEV\\LAB\\thesimpsonsapi\\app\\_components\\DeleteDiaryEntryButton.tsx"
2026-01-17T17:15:16.699052Z  INFO scan_sources: tailwindcss_oxide::scanner: Discovering "G:\\DEV\\LAB\\thesimpsonsapi\\app\\_components\\DesktopNav.tsx"
2026-01-17T17:15:16.699083Z  INFO scan_sources: tailwindcss_oxide::scanner: Discovering "G:\\DEV\\LAB\\thesimpsonsapi\\app\\_components\\DiaryForm.tsx"
2026-01-17T17:15:16.699114Z  INFO scan_sources: tailwindcss_oxide::scanner: Discovering "G:\\DEV\\LAB\\thesimpsonsapi\\app\\_components\\EpisodeTracker.tsx"
2026-01-17T17:15:16.699146Z  INFO scan_sources: tailwindcss_oxide::scanner: Discovering "G:\\DEV\\LAB\\thesimpsonsapi\\app\\_components\\FollowButton.tsx"
2026-01-17T17:15:16.699190Z  INFO scan_sources: tailwindcss_oxide::scanner: Discovering "G:\\DEV\\LAB\\thesimpsonsapi\\app\\_components\\HelpButton.tsx"
2026-01-17T17:15:16.699221Z  INFO scan_sources: tailwindcss_oxide::scanner: Discovering "G:\\DEV\\LAB\\thesimpsonsapi\\app\\_components\\IntroSection.tsx"
2026-01-17T17:15:16.699259Z  INFO scan_sources: tailwindcss_oxide::scanner: Discovering "G:\\DEV\\LAB\\thesimpsonsapi\\app\\_components\\MobileMenuButton.tsx"
2026-01-17T17:15:16.699293Z  INFO scan_sources: tailwindcss_oxide::scanner: Discovering "G:\\DEV\\LAB\\thesimpsonsapi\\app\\_components\\RecentlyViewedList.tsx"
2026-01-17T17:15:16.699325Z  INFO scan_sources: tailwindcss_oxide::scanner: Discovering "G:\\DEV\\LAB\\thesimpsonsapi\\app\\_components\\RecentlyViewedTracker.tsx"
2026-01-17T17:15:16.699357Z  INFO scan_sources: tailwindcss_oxide::scanner: Discovering "G:\\DEV\\LAB\\thesimpsonsapi\\app\\_components\\SimpsonsHeader.tsx"
2026-01-17T17:15:16.699407Z  INFO scan_sources: tailwindcss_oxide::scanner: Discovering "G:\\DEV\\LAB\\thesimpsonsapi\\app\\_components\\Skeleton.tsx"
2026-01-17T17:15:16.699440Z  INFO scan_sources: tailwindcss_oxide::scanner: Discovering "G:\\DEV\\LAB\\thesimpsonsapi\\app\\_components\\SyncButton.tsx"
2026-01-17T17:15:16.699471Z  INFO scan_sources: tailwindcss_oxide::scanner: Discovering "G:\\DEV\\LAB\\thesimpsonsapi\\app\\_components\\Toaster.tsx"
2026-01-17T17:15:16.699503Z  INFO scan_sources: tailwindcss_oxide::scanner: Discovering "G:\\DEV\\LAB\\thesimpsonsapi\\app\\_components\\TriviaSection.tsx"
2026-01-17T17:15:16.699534Z  INFO scan_sources: tailwindcss_oxide::scanner: Discovering "G:\\DEV\\LAB\\thesimpsonsapi\\app\\_components\\UserNav.tsx"
2026-01-17T17:15:16.699597Z  INFO scan_sources: tailwindcss_oxide::scanner: Discovering "G:\\DEV\\LAB\\thesimpsonsapi\\app\\_lib"
2026-01-17T17:15:16.699668Z  INFO scan_sources: tailwindcss_oxide::scanner: Discovering "G:\\DEV\\LAB\\thesimpsonsapi\\app\\_lib\\auth.ts"
2026-01-17T17:15:16.699700Z  INFO scan_sources: tailwindcss_oxide::scanner: Discovering "G:\\DEV\\LAB\\thesimpsonsapi\\app\\_lib\\constants.ts"
2026-01-17T17:15:16.699738Z  INFO scan_sources: tailwindcss_oxide::scanner: Discovering "G:\\DEV\\LAB\\thesimpsonsapi\\app\\_lib\\hooks.ts"
2026-01-17T17:15:16.699771Z  INFO scan_sources: tailwindcss_oxide::scanner: Discovering "G:\\DEV\\LAB\\thesimpsonsapi\\app\\_lib\\prisma.ts"
2026-01-17T17:15:16.699802Z  INFO scan_sources: tailwindcss_oxide::scanner: Discovering "G:\\DEV\\LAB\\thesimpsonsapi\\app\\_lib\\repositories.ts"
2026-01-17T17:15:16.699834Z  INFO scan_sources: tailwindcss_oxide::scanner: Discovering "G:\\DEV\\LAB\\thesimpsonsapi\\app\\_lib\\types.ts"
2026-01-17T17:15:16.699865Z  INFO scan_sources: tailwindcss_oxide::scanner: Discovering "G:\\DEV\\LAB\\thesimpsonsapi\\app\\_lib\\utils.ts"
2026-01-17T17:15:16.699937Z  INFO scan_sources: tailwindcss_oxide::scanner: Discovering "G:\\DEV\\LAB\\thesimpsonsapi\\components"
2026-01-17T17:15:16.700035Z  INFO scan_sources: tailwindcss_oxide::scanner: Discovering "G:\\DEV\\LAB\\thesimpsonsapi\\components\\ui"
2026-01-17T17:15:16.700136Z  INFO scan_sources: tailwindcss_oxide::scanner: Discovering "G:\\DEV\\LAB\\thesimpsonsapi\\components\\ui\\avatar.tsx"
2026-01-17T17:15:16.700172Z  INFO scan_sources: tailwindcss_oxide::scanner: Discovering "G:\\DEV\\LAB\\thesimpsonsapi\\components\\ui\\badge.tsx"
2026-01-17T17:15:16.700204Z  INFO scan_sources: tailwindcss_oxide::scanner: Discovering "G:\\DEV\\LAB\\thesimpsonsapi\\components\\ui\\button.tsx"
2026-01-17T17:15:16.700235Z  INFO scan_sources: tailwindcss_oxide::scanner: Discovering "G:\\DEV\\LAB\\thesimpsonsapi\\components\\ui\\card.tsx"
2026-01-17T17:15:16.700267Z  INFO scan_sources: tailwindcss_oxide::scanner: Discovering "G:\\DEV\\LAB\\thesimpsonsapi\\components\\ui\\dropdown-menu.tsx"
2026-01-17T17:15:16.700298Z  INFO scan_sources: tailwindcss_oxide::scanner: Discovering "G:\\DEV\\LAB\\thesimpsonsapi\\components\\ui\\input.tsx"
2026-01-17T17:15:16.700338Z  INFO scan_sources: tailwindcss_oxide::scanner: Discovering "G:\\DEV\\LAB\\thesimpsonsapi\\components\\ui\\label.tsx"
2026-01-17T17:15:16.700371Z  INFO scan_sources: tailwindcss_oxide::scanner: Discovering "G:\\DEV\\LAB\\thesimpsonsapi\\components\\ui\\select.tsx"
2026-01-17T17:15:16.700402Z  INFO scan_sources: tailwindcss_oxide::scanner: Discovering "G:\\DEV\\LAB\\thesimpsonsapi\\components\\ui\\textarea.tsx"
2026-01-17T17:15:16.700456Z  INFO scan_sources: tailwindcss_oxide::scanner: Discovering "G:\\DEV\\LAB\\thesimpsonsapi\\components.json"
2026-01-17T17:15:16.700489Z  INFO scan_sources: tailwindcss_oxide::scanner: Discovering "G:\\DEV\\LAB\\thesimpsonsapi\\DEPLOYMENT_CYCLE_4_REPORT.md"
2026-01-17T17:15:16.700522Z  INFO scan_sources: tailwindcss_oxide::scanner: Discovering "G:\\DEV\\LAB\\thesimpsonsapi\\DEPLOYMENT_TEST_REPORT.md"
2026-01-17T17:15:16.700572Z  INFO scan_sources: tailwindcss_oxide::scanner: Discovering "G:\\DEV\\LAB\\thesimpsonsapi\\docs"
2026-01-17T17:15:16.700667Z  INFO scan_sources: tailwindcss_oxide::scanner: Discovering "G:\\DEV\\LAB\\thesimpsonsapi\\docs\\ARCHITECTURE.md"
2026-01-17T17:15:16.700700Z  INFO scan_sources: tailwindcss_oxide::scanner: Discovering "G:\\DEV\\LAB\\thesimpsonsapi\\docs\\BETTER_AUTH_MIGRATION.md"
2026-01-17T17:15:16.700733Z  INFO scan_sources: tailwindcss_oxide::scanner: Discovering "G:\\DEV\\LAB\\thesimpsonsapi\\docs\\DEPLOYMENT_LESSONS.md"
2026-01-17T17:15:16.700764Z  INFO scan_sources: tailwindcss_oxide::scanner: Discovering "G:\\DEV\\LAB\\thesimpsonsapi\\docs\\PRD.md"
2026-01-17T17:15:16.700801Z  INFO scan_sources: tailwindcss_oxide::scanner: Discovering "G:\\DEV\\LAB\\thesimpsonsapi\\docs\\SPECIFICATIONS.md"
2026-01-17T17:15:16.700832Z  INFO scan_sources: tailwindcss_oxide::scanner: Discovering "G:\\DEV\\LAB\\thesimpsonsapi\\docs\\SPRINT_PLAN.md"
2026-01-17T17:15:16.700882Z  INFO scan_sources: tailwindcss_oxide::scanner: Discovering "G:\\DEV\\LAB\\thesimpsonsapi\\docs\\test-screenshots"
2026-01-17T17:15:16.700974Z  INFO scan_sources: tailwindcss_oxide::scanner: Discovering "G:\\DEV\\LAB\\thesimpsonsapi\\docs\\test-screenshots\\BETTER_AUTH_TEST_REPORT.md"
2026-01-17T17:15:16.701033Z  INFO scan_sources: tailwindcss_oxide::scanner: Discovering "G:\\DEV\\LAB\\thesimpsonsapi\\docs\\USER_STORIES.md"
2026-01-17T17:15:16.701065Z  INFO scan_sources: tailwindcss_oxide::scanner: Discovering "G:\\DEV\\LAB\\thesimpsonsapi\\docs\\VERCEL_ENV_SYNC.md"
2026-01-17T17:15:16.701109Z  INFO scan_sources: tailwindcss_oxide::scanner: Discovering "G:\\DEV\\LAB\\thesimpsonsapi\\eslint.config.mjs"
2026-01-17T17:15:16.701159Z  INFO scan_sources: tailwindcss_oxide::scanner: Discovering "G:\\DEV\\LAB\\thesimpsonsapi\\guide"
2026-01-17T17:15:16.701232Z  INFO scan_sources: tailwindcss_oxide::scanner: Discovering "G:\\DEV\\LAB\\thesimpsonsapi\\guide\\demo-indicators.html"
2026-01-17T17:15:16.701266Z  INFO scan_sources: tailwindcss_oxide::scanner: Discovering "G:\\DEV\\LAB\\thesimpsonsapi\\guide\\IMPLEMENTATION_SUMMARY.md"
2026-01-17T17:15:16.701299Z  INFO scan_sources: tailwindcss_oxide::scanner: Discovering "G:\\DEV\\LAB\\thesimpsonsapi\\guide\\index.html"
2026-01-17T17:15:16.701330Z  INFO scan_sources: tailwindcss_oxide::scanner: Discovering "G:\\DEV\\LAB\\thesimpsonsapi\\guide\\indicator-helper.html"
2026-01-17T17:15:16.701362Z  INFO scan_sources: tailwindcss_oxide::scanner: Discovering "G:\\DEV\\LAB\\thesimpsonsapi\\guide\\INDICATORS_GUIDE.md"
2026-01-17T17:15:16.701394Z  INFO scan_sources: tailwindcss_oxide::scanner: Discovering "G:\\DEV\\LAB\\thesimpsonsapi\\guide\\README.md"
2026-01-17T17:15:16.701445Z  INFO scan_sources: tailwindcss_oxide::scanner: Discovering "G:\\DEV\\LAB\\thesimpsonsapi\\guide\\screenshots"
2026-01-17T17:15:16.701539Z  INFO scan_sources: tailwindcss_oxide::scanner: Discovering "G:\\DEV\\LAB\\thesimpsonsapi\\guide\\USER_GUIDE.md"
2026-01-17T17:15:16.701596Z  INFO scan_sources: tailwindcss_oxide::scanner: Discovering "G:\\DEV\\LAB\\thesimpsonsapi\\lib"
2026-01-17T17:15:16.701665Z  INFO scan_sources: tailwindcss_oxide::scanner: Discovering "G:\\DEV\\LAB\\thesimpsonsapi\\lib\\auth-client.ts"
2026-01-17T17:15:16.701696Z  INFO scan_sources: tailwindcss_oxide::scanner: Discovering "G:\\DEV\\LAB\\thesimpsonsapi\\lib\\auth.ts"
2026-01-17T17:15:16.701735Z  INFO scan_sources: tailwindcss_oxide::scanner: Discovering "G:\\DEV\\LAB\\thesimpsonsapi\\lib\\utils.ts"
2026-01-17T17:15:16.701778Z  INFO scan_sources: tailwindcss_oxide::scanner: Discovering "G:\\DEV\\LAB\\thesimpsonsapi\\LICENSE"
2026-01-17T17:15:16.701816Z  INFO scan_sources: tailwindcss_oxide::scanner: Discovering "G:\\DEV\\LAB\\thesimpsonsapi\\next.config.ts"
2026-01-17T17:15:16.701928Z  INFO scan_sources: tailwindcss_oxide::scanner: Discovering "G:\\DEV\\LAB\\thesimpsonsapi\\package.json"
2026-01-17T17:15:16.701980Z  INFO scan_sources: tailwindcss_oxide::scanner: Discovering "G:\\DEV\\LAB\\thesimpsonsapi\\pnpm-workspace.yaml"
2026-01-17T17:15:16.702014Z  INFO scan_sources: tailwindcss_oxide::scanner: Discovering "G:\\DEV\\LAB\\thesimpsonsapi\\postcss.config.mjs"
2026-01-17T17:15:16.702090Z  INFO scan_sources: tailwindcss_oxide::scanner: Discovering "G:\\DEV\\LAB\\thesimpsonsapi\\prisma"
2026-01-17T17:15:16.702161Z  INFO scan_sources: tailwindcss_oxide::scanner: Discovering "G:\\DEV\\LAB\\thesimpsonsapi\\prisma\\schema.prisma"
2026-01-17T17:15:16.702202Z  INFO scan_sources: tailwindcss_oxide::scanner: Discovering "G:\\DEV\\LAB\\thesimpsonsapi\\prisma.config.ts"
2026-01-17T17:15:16.702234Z  INFO scan_sources: tailwindcss_oxide::scanner: Discovering "G:\\DEV\\LAB\\thesimpsonsapi\\PRISMA_AUDIT_REPORT.md"
2026-01-17T17:15:16.702265Z  INFO scan_sources: tailwindcss_oxide::scanner: Discovering "G:\\DEV\\LAB\\thesimpsonsapi\\proxy.ts"
2026-01-17T17:15:16.702314Z  INFO scan_sources: tailwindcss_oxide::scanner: Discovering "G:\\DEV\\LAB\\thesimpsonsapi\\public"
2026-01-17T17:15:16.702386Z  INFO scan_sources: tailwindcss_oxide::scanner: Discovering "G:\\DEV\\LAB\\thesimpsonsapi\\public\\file.svg"
2026-01-17T17:15:16.702419Z  INFO scan_sources: tailwindcss_oxide::scanner: Discovering "G:\\DEV\\LAB\\thesimpsonsapi\\public\\globe.svg"
2026-01-17T17:15:16.702467Z  INFO scan_sources: tailwindcss_oxide::scanner: Discovering "G:\\DEV\\LAB\\thesimpsonsapi\\public\\guide"
2026-01-17T17:15:16.702552Z  INFO scan_sources: tailwindcss_oxide::scanner: Discovering "G:\\DEV\\LAB\\thesimpsonsapi\\public\\guide\\screenshots"
2026-01-17T17:15:16.702655Z  INFO scan_sources: tailwindcss_oxide::scanner: Discovering "G:\\DEV\\LAB\\thesimpsonsapi\\public\\next.svg"
2026-01-17T17:15:16.702703Z  INFO scan_sources: tailwindcss_oxide::scanner: Discovering "G:\\DEV\\LAB\\thesimpsonsapi\\public\\sounds"
2026-01-17T17:15:16.702787Z  INFO scan_sources: tailwindcss_oxide::scanner: Discovering "G:\\DEV\\LAB\\thesimpsonsapi\\public\\vercel.svg"
2026-01-17T17:15:16.702819Z  INFO scan_sources: tailwindcss_oxide::scanner: Discovering "G:\\DEV\\LAB\\thesimpsonsapi\\public\\window.svg"
2026-01-17T17:15:16.702859Z  INFO scan_sources: tailwindcss_oxide::scanner: Discovering "G:\\DEV\\LAB\\thesimpsonsapi\\README.md"
2026-01-17T17:15:16.702909Z  INFO scan_sources: tailwindcss_oxide::scanner: Discovering "G:\\DEV\\LAB\\thesimpsonsapi\\scripts"
2026-01-17T17:15:16.703046Z  INFO scan_sources: tailwindcss_oxide::scanner: Discovering "G:\\DEV\\LAB\\thesimpsonsapi\\scripts\\audit-vercel-env.sh"
2026-01-17T17:15:16.703078Z  INFO scan_sources: tailwindcss_oxide::scanner: Discovering "G:\\DEV\\LAB\\thesimpsonsapi\\scripts\\check-db-config.js"
2026-01-17T17:15:16.703117Z  INFO scan_sources: tailwindcss_oxide::scanner: Discovering "G:\\DEV\\LAB\\thesimpsonsapi\\scripts\\check-vercel-env.sh"
2026-01-17T17:15:16.703149Z  INFO scan_sources: tailwindcss_oxide::scanner: Discovering "G:\\DEV\\LAB\\thesimpsonsapi\\scripts\\setup-vercel-env.sh"
2026-01-17T17:15:16.703180Z  INFO scan_sources: tailwindcss_oxide::scanner: Discovering "G:\\DEV\\LAB\\thesimpsonsapi\\scripts\\sync-vercel-env.sh"
2026-01-17T17:15:16.703211Z  INFO scan_sources: tailwindcss_oxide::scanner: Discovering "G:\\DEV\\LAB\\thesimpsonsapi\\scripts\\verify-db.ts"
2026-01-17T17:15:16.703263Z  INFO scan_sources: tailwindcss_oxide::scanner: Discovering "G:\\DEV\\LAB\\thesimpsonsapi\\test-auth.ts"
2026-01-17T17:15:16.703310Z  INFO scan_sources: tailwindcss_oxide::scanner: Discovering "G:\\DEV\\LAB\\thesimpsonsapi\\test-screenshots"
2026-01-17T17:15:16.703386Z  INFO scan_sources: tailwindcss_oxide::scanner: Discovering "G:\\DEV\\LAB\\thesimpsonsapi\\tsconfig.json"
2026-01-17T17:15:16.703454Z  INFO scan_sources: tailwindcss_oxide::scanner: exit
2026-01-17T17:15:16.703461Z  INFO extract_candidates: tailwindcss_oxide::scanner: enter
2026-01-17T17:15:16.703466Z  INFO extract_candidates:read_all_files: tailwindcss_oxide::scanner: enter
2026-01-17T17:15:16.703470Z  INFO extract_candidates:read_all_files: tailwindcss_oxide::scanner: Reading 104 file(s)
2026-01-17T17:15:16.704003Z  INFO tailwindcss_oxide::scanner: Reading "G:\\DEV\\LAB\\thesimpsonsapi\\.pr-body-temp.md"
2026-01-17T17:15:16.704079Z  INFO tailwindcss_oxide::scanner: Reading "G:\\DEV\\LAB\\thesimpsonsapi\\components\\ui\\card.tsx"
2026-01-17T17:15:16.704141Z  INFO tailwindcss_oxide::scanner: Reading "G:\\DEV\\LAB\\thesimpsonsapi\\app\\api\\auth\\[...all]\\route.ts"
2026-01-17T17:15:16.704151Z  INFO tailwindcss_oxide::scanner: Reading "G:\\DEV\\LAB\\thesimpsonsapi\\components\\ui\\dropdown-menu.tsx"
2026-01-17T17:15:16.704186Z  INFO tailwindcss_oxide::scanner: Reading "G:\\DEV\\LAB\\thesimpsonsapi\\app\\_components\\DeleteDiaryEntryButton.tsx"
2026-01-17T17:15:16.704218Z  INFO tailwindcss_oxide::scanner: Reading "G:\\DEV\\LAB\\thesimpsonsapi\\components\\ui\\input.tsx"
2026-01-17T17:15:16.704248Z  INFO tailwindcss_oxide::scanner: Reading "G:\\DEV\\LAB\\thesimpsonsapi\\app\\apple-icon.tsx"
2026-01-17T17:15:16.704281Z  INFO tailwindcss_oxide::scanner: Reading "G:\\DEV\\LAB\\thesimpsonsapi\\components\\ui\\label.tsx"
2026-01-17T17:15:16.704294Z  INFO tailwindcss_oxide::scanner: Reading "G:\\DEV\\LAB\\thesimpsonsapi\\app\\_components\\DesktopNav.tsx"
2026-01-17T17:15:16.704315Z  INFO tailwindcss_oxide::scanner: Reading "G:\\DEV\\LAB\\thesimpsonsapi\\app\\login\\page.tsx"
2026-01-17T17:15:16.704330Z  INFO tailwindcss_oxide::scanner: Reading "G:\\DEV\\LAB\\thesimpsonsapi\\components\\ui\\select.tsx"
2026-01-17T17:15:16.704336Z  INFO tailwindcss_oxide::scanner: Reading "G:\\DEV\\LAB\\thesimpsonsapi\\app\\characters\\page.tsx"
2026-01-17T17:15:16.704365Z  INFO tailwindcss_oxide::scanner: Reading "G:\\DEV\\LAB\\thesimpsonsapi\\app\\diary\\page.tsx"
2026-01-17T17:15:16.704386Z  INFO tailwindcss_oxide::scanner: Reading "G:\\DEV\\LAB\\thesimpsonsapi\\components\\ui\\textarea.tsx"
2026-01-17T17:15:16.704389Z  INFO tailwindcss_oxide::scanner: Reading "G:\\DEV\\LAB\\thesimpsonsapi\\app\\page.tsx"
2026-01-17T17:15:16.704404Z  INFO tailwindcss_oxide::scanner: Reading "G:\\DEV\\LAB\\thesimpsonsapi\\app\\_components\\DiaryForm.tsx"
2026-01-17T17:15:16.704436Z  INFO tailwindcss_oxide::scanner: Reading "G:\\DEV\\LAB\\thesimpsonsapi\\app\\episodes\\page.tsx"
2026-01-17T17:15:16.704442Z  INFO tailwindcss_oxide::scanner: Reading "G:\\DEV\\LAB\\thesimpsonsapi\\app\\register\\page.tsx"
2026-01-17T17:15:16.704443Z  INFO tailwindcss_oxide::scanner: Reading "G:\\DEV\\LAB\\thesimpsonsapi\\components.json"
2026-01-17T17:15:16.704447Z  INFO tailwindcss_oxide::scanner: Reading "G:\\DEV\\LAB\\thesimpsonsapi\\app\\characters\\[id]\\page.tsx"
2026-01-17T17:15:16.704477Z  INFO tailwindcss_oxide::scanner: Reading "G:\\DEV\\LAB\\thesimpsonsapi\\app\\episodes\\[id]\\page.tsx"
2026-01-17T17:15:16.704498Z  INFO tailwindcss_oxide::scanner: Reading "G:\\DEV\\LAB\\thesimpsonsapi\\app\\_actions\\collections.ts"
2026-01-17T17:15:16.704500Z  INFO tailwindcss_oxide::scanner: Reading "G:\\DEV\\LAB\\thesimpsonsapi\\DEPLOYMENT_CYCLE_4_REPORT.md"
2026-01-17T17:15:16.704504Z  INFO tailwindcss_oxide::scanner: Reading "G:\\DEV\\LAB\\thesimpsonsapi\\app\\_components\\EpisodeTracker.tsx"
2026-01-17T17:15:16.704522Z  INFO tailwindcss_oxide::scanner: Reading "G:\\DEV\\LAB\\thesimpsonsapi\\app\\collections\\page.tsx"
2026-01-17T17:15:16.704528Z  INFO tailwindcss_oxide::scanner: Reading "G:\\DEV\\LAB\\thesimpsonsapi\\app\\guide\\helper\\page.tsx"
2026-01-17T17:15:16.704545Z  INFO tailwindcss_oxide::scanner: Reading "G:\\DEV\\LAB\\thesimpsonsapi\\app\\_actions\\diary.ts"
2026-01-17T17:15:16.704561Z  INFO tailwindcss_oxide::scanner: Reading "G:\\DEV\\LAB\\thesimpsonsapi\\DEPLOYMENT_TEST_REPORT.md"
2026-01-17T17:15:16.704572Z  INFO tailwindcss_oxide::scanner: Reading "G:\\DEV\\LAB\\thesimpsonsapi\\app\\_components\\Toaster.tsx"
2026-01-17T17:15:16.704587Z  INFO tailwindcss_oxide::scanner: Reading "G:\\DEV\\LAB\\thesimpsonsapi\\app\\guide\\page.tsx"
2026-01-17T17:15:16.704591Z  INFO tailwindcss_oxide::scanner: Reading "G:\\DEV\\LAB\\thesimpsonsapi\\app\\_actions\\episodes.ts"
2026-01-17T17:15:16.704606Z  INFO tailwindcss_oxide::scanner: Reading "G:\\DEV\\LAB\\thesimpsonsapi\\app\\_components\\FollowButton.tsx"
2026-01-17T17:15:16.704624Z  INFO tailwindcss_oxide::scanner: Reading "G:\\DEV\\LAB\\thesimpsonsapi\\app\\_components\\TriviaSection.tsx"
2026-01-17T17:15:16.704636Z  INFO tailwindcss_oxide::scanner: Reading "G:\\DEV\\LAB\\thesimpsonsapi\\app\\_actions\\social.ts"
2026-01-17T17:15:16.704636Z  INFO tailwindcss_oxide::scanner: Reading "G:\\DEV\\LAB\\thesimpsonsapi\\docs\\ARCHITECTURE.md"
2026-01-17T17:15:16.704644Z  INFO tailwindcss_oxide::scanner: Reading "G:\\DEV\\LAB\\thesimpsonsapi\\app\\icon.tsx"
2026-01-17T17:15:16.704667Z  INFO tailwindcss_oxide::scanner: Reading "G:\\DEV\\LAB\\thesimpsonsapi\\app\\_components\\UserNav.tsx"
2026-01-17T17:15:16.704681Z  INFO tailwindcss_oxide::scanner: Reading "G:\\DEV\\LAB\\thesimpsonsapi\\app\\_actions\\sync.ts"
2026-01-17T17:15:16.704684Z  INFO tailwindcss_oxide::scanner: Reading "G:\\DEV\\LAB\\thesimpsonsapi\\app\\layout.tsx"
2026-01-17T17:15:16.704677Z  INFO tailwindcss_oxide::scanner: Reading "G:\\DEV\\LAB\\thesimpsonsapi\\app\\_lib\\prisma.ts"
2026-01-17T17:15:16.704696Z  INFO tailwindcss_oxide::scanner: Reading "G:\\DEV\\LAB\\thesimpsonsapi\\docs\\BETTER_AUTH_MIGRATION.md"
2026-01-17T17:15:16.704699Z  INFO tailwindcss_oxide::scanner: Reading "G:\\DEV\\LAB\\thesimpsonsapi\\app\\_components\\HelpButton.tsx"
2026-01-17T17:15:16.704720Z  INFO tailwindcss_oxide::scanner: Reading "G:\\DEV\\LAB\\thesimpsonsapi\\app\\_lib\\auth.ts"
2026-01-17T17:15:16.704728Z  INFO tailwindcss_oxide::scanner: Reading "G:\\DEV\\LAB\\thesimpsonsapi\\app\\_lib\\constants.ts"
2026-01-17T17:15:16.704729Z  INFO tailwindcss_oxide::scanner: Reading "G:\\DEV\\LAB\\thesimpsonsapi\\app\\_actions\\trivia.ts"
2026-01-17T17:15:16.704766Z  INFO tailwindcss_oxide::scanner: Reading "G:\\DEV\\LAB\\thesimpsonsapi\\docs\\DEPLOYMENT_LESSONS.md"
2026-01-17T17:15:16.704771Z  INFO tailwindcss_oxide::scanner: Reading "G:\\DEV\\LAB\\thesimpsonsapi\\app\\_lib\\hooks.ts"
2026-01-17T17:15:16.704769Z  INFO tailwindcss_oxide::scanner: Reading "G:\\DEV\\LAB\\thesimpsonsapi\\app\\_components\\RecentlyViewedTracker.tsx"
2026-01-17T17:15:16.704782Z  INFO tailwindcss_oxide::scanner: Reading "G:\\DEV\\LAB\\thesimpsonsapi\\app\\_components\\Breadcrumbs.tsx"
2026-01-17T17:15:16.704792Z  INFO tailwindcss_oxide::scanner: Reading "G:\\DEV\\LAB\\thesimpsonsapi\\app\\_lib\\repositories.ts"
2026-01-17T17:15:16.704795Z  INFO tailwindcss_oxide::scanner: Reading "G:\\DEV\\LAB\\thesimpsonsapi\\app\\_components\\IntroSection.tsx"
2026-01-17T17:15:16.704823Z  INFO tailwindcss_oxide::scanner: Reading "G:\\DEV\\LAB\\thesimpsonsapi\\docs\\PRD.md"
2026-01-17T17:15:16.704826Z  INFO tailwindcss_oxide::scanner: Reading "G:\\DEV\\LAB\\thesimpsonsapi\\app\\_components\\CharacterImage.tsx"
2026-01-17T17:15:16.704811Z  INFO tailwindcss_oxide::scanner: Reading "G:\\DEV\\LAB\\thesimpsonsapi\\app\\_components\\Skeleton.tsx"
2026-01-17T17:15:16.704817Z  INFO tailwindcss_oxide::scanner: Reading "G:\\DEV\\LAB\\thesimpsonsapi\\app\\_components\\SimpsonsHeader.tsx"
2026-01-17T17:15:16.704872Z  INFO tailwindcss_oxide::scanner: Reading "G:\\DEV\\LAB\\thesimpsonsapi\\app\\_components\\CommentSection.tsx"
2026-01-17T17:15:16.704890Z  INFO tailwindcss_oxide::scanner: Reading "G:\\DEV\\LAB\\thesimpsonsapi\\docs\\SPECIFICATIONS.md"
2026-01-17T17:15:16.704906Z  INFO tailwindcss_oxide::scanner: Reading "G:\\DEV\\LAB\\thesimpsonsapi\\app\\_lib\\types.ts"
2026-01-17T17:15:16.704909Z  INFO tailwindcss_oxide::scanner: Reading "G:\\DEV\\LAB\\thesimpsonsapi\\app\\_lib\\utils.ts"
2026-01-17T17:15:16.704927Z  INFO tailwindcss_oxide::scanner: Reading "G:\\DEV\\LAB\\thesimpsonsapi\\lib\\auth-client.ts"
2026-01-17T17:15:16.704927Z  INFO tailwindcss_oxide::scanner: Reading "G:\\DEV\\LAB\\thesimpsonsapi\\app\\_components\\MobileMenuButton.tsx"
2026-01-17T17:15:16.704941Z  INFO tailwindcss_oxide::scanner: Reading "G:\\DEV\\LAB\\thesimpsonsapi\\docs\\SPRINT_PLAN.md"
2026-01-17T17:15:16.704950Z  INFO tailwindcss_oxide::scanner: Reading "G:\\DEV\\LAB\\thesimpsonsapi\\app\\_components\\SyncButton.tsx"
2026-01-17T17:15:16.704952Z  INFO tailwindcss_oxide::scanner: Reading "G:\\DEV\\LAB\\thesimpsonsapi\\app\\_components\\CreateCollectionForm.tsx"
2026-01-17T17:15:16.704969Z  INFO tailwindcss_oxide::scanner: Reading "G:\\DEV\\LAB\\thesimpsonsapi\\components\\ui\\avatar.tsx"
2026-01-17T17:15:16.704982Z  INFO tailwindcss_oxide::scanner: Reading "G:\\DEV\\LAB\\thesimpsonsapi\\lib\\auth.ts"
2026-01-17T17:15:16.704995Z  INFO tailwindcss_oxide::scanner: Reading "G:\\DEV\\LAB\\thesimpsonsapi\\components\\ui\\badge.tsx"
2026-01-17T17:15:16.704998Z  INFO tailwindcss_oxide::scanner: Reading "G:\\DEV\\LAB\\thesimpsonsapi\\docs\\test-screenshots\\BETTER_AUTH_TEST_REPORT.md"
2026-01-17T17:15:16.705020Z  INFO tailwindcss_oxide::scanner: Reading "G:\\DEV\\LAB\\thesimpsonsapi\\public\\globe.svg"
2026-01-17T17:15:16.705022Z  INFO tailwindcss_oxide::scanner: Reading "G:\\DEV\\LAB\\thesimpsonsapi\\guide\\README.md"
2026-01-17T17:15:16.705046Z  INFO tailwindcss_oxide::scanner: Reading "G:\\DEV\\LAB\\thesimpsonsapi\\guide\\indicator-helper.html"
2026-01-17T17:15:16.705049Z  INFO tailwindcss_oxide::scanner: Reading "G:\\DEV\\LAB\\thesimpsonsapi\\lib\\utils.ts"
2026-01-17T17:15:16.705052Z  INFO tailwindcss_oxide::scanner: Reading "G:\\DEV\\LAB\\thesimpsonsapi\\app\\_components\\RecentlyViewedList.tsx"
2026-01-17T17:15:16.705060Z  INFO tailwindcss_oxide::scanner: Reading "G:\\DEV\\LAB\\thesimpsonsapi\\docs\\USER_STORIES.md"
2026-01-17T17:15:16.705051Z  INFO tailwindcss_oxide::scanner: Reading "G:\\DEV\\LAB\\thesimpsonsapi\\guide\\demo-indicators.html"
2026-01-17T17:15:16.705080Z  INFO tailwindcss_oxide::scanner: Reading "G:\\DEV\\LAB\\thesimpsonsapi\\public\\next.svg"
2026-01-17T17:15:16.705082Z  INFO tailwindcss_oxide::scanner: Reading "G:\\DEV\\LAB\\thesimpsonsapi\\LICENSE"
2026-01-17T17:15:16.705081Z  INFO tailwindcss_oxide::scanner: Reading "G:\\DEV\\LAB\\thesimpsonsapi\\pnpm-workspace.yaml"
2026-01-17T17:15:16.705073Z  INFO tailwindcss_oxide::scanner: Reading "G:\\DEV\\LAB\\thesimpsonsapi\\guide\\USER_GUIDE.md"
2026-01-17T17:15:16.705109Z  INFO tailwindcss_oxide::scanner: Reading "G:\\DEV\\LAB\\thesimpsonsapi\\guide\\IMPLEMENTATION_SUMMARY.md"
2026-01-17T17:15:16.705117Z  INFO tailwindcss_oxide::scanner: Reading "G:\\DEV\\LAB\\thesimpsonsapi\\docs\\VERCEL_ENV_SYNC.md"
2026-01-17T17:15:16.705120Z  INFO tailwindcss_oxide::scanner: Reading "G:\\DEV\\LAB\\thesimpsonsapi\\guide\\INDICATORS_GUIDE.md"
2026-01-17T17:15:16.705128Z  INFO tailwindcss_oxide::scanner: Reading "G:\\DEV\\LAB\\thesimpsonsapi\\next.config.ts"
2026-01-17T17:15:16.705113Z  INFO tailwindcss_oxide::scanner: Reading "G:\\DEV\\LAB\\thesimpsonsapi\\components\\ui\\button.tsx"
2026-01-17T17:15:16.705147Z  INFO tailwindcss_oxide::scanner: Reading "G:\\DEV\\LAB\\thesimpsonsapi\\postcss.config.mjs"
2026-01-17T17:15:16.705121Z  INFO tailwindcss_oxide::scanner: Reading "G:\\DEV\\LAB\\thesimpsonsapi\\public\\vercel.svg"
2026-01-17T17:15:16.705168Z  INFO tailwindcss_oxide::scanner: Reading "G:\\DEV\\LAB\\thesimpsonsapi\\eslint.config.mjs"
2026-01-17T17:15:16.705171Z  INFO tailwindcss_oxide::scanner: Reading "G:\\DEV\\LAB\\thesimpsonsapi\\scripts\\check-db-config.js"
2026-01-17T17:15:16.705173Z  INFO tailwindcss_oxide::scanner: Reading "G:\\DEV\\LAB\\thesimpsonsapi\\proxy.ts"
2026-01-17T17:15:16.705176Z  INFO tailwindcss_oxide::scanner: Reading "G:\\DEV\\LAB\\thesimpsonsapi\\package.json"
2026-01-17T17:15:16.705196Z  INFO tailwindcss_oxide::scanner: Reading "G:\\DEV\\LAB\\thesimpsonsapi\\public\\file.svg"
2026-01-17T17:15:16.705200Z  INFO tailwindcss_oxide::scanner: Reading "G:\\DEV\\LAB\\thesimpsonsapi\\prisma\\schema.prisma"
2026-01-17T17:15:16.705215Z  INFO tailwindcss_oxide::scanner: Reading "G:\\DEV\\LAB\\thesimpsonsapi\\scripts\\check-vercel-env.sh"
2026-01-17T17:15:16.705223Z  INFO tailwindcss_oxide::scanner: Reading "G:\\DEV\\LAB\\thesimpsonsapi\\scripts\\sync-vercel-env.sh"
2026-01-17T17:15:16.705220Z  INFO tailwindcss_oxide::scanner: Reading "G:\\DEV\\LAB\\thesimpsonsapi\\README.md"
2026-01-17T17:15:16.705227Z  INFO tailwindcss_oxide::scanner: Reading "G:\\DEV\\LAB\\thesimpsonsapi\\tsconfig.json"
2026-01-17T17:15:16.705157Z  INFO tailwindcss_oxide::scanner: Reading "G:\\DEV\\LAB\\thesimpsonsapi\\prisma.config.ts"
2026-01-17T17:15:16.705242Z  INFO tailwindcss_oxide::scanner: Reading "G:\\DEV\\LAB\\thesimpsonsapi\\public\\window.svg"
2026-01-17T17:15:16.705245Z  INFO tailwindcss_oxide::scanner: Reading "G:\\DEV\\LAB\\thesimpsonsapi\\guide\\index.html"
2026-01-17T17:15:16.705246Z  INFO tailwindcss_oxide::scanner: Reading "G:\\DEV\\LAB\\thesimpsonsapi\\PRISMA_AUDIT_REPORT.md"
2026-01-17T17:15:16.705250Z  INFO tailwindcss_oxide::scanner: Reading "G:\\DEV\\LAB\\thesimpsonsapi\\scripts\\verify-db.ts"
2026-01-17T17:15:16.705252Z  INFO tailwindcss_oxide::scanner: Reading "G:\\DEV\\LAB\\thesimpsonsapi\\scripts\\setup-vercel-env.sh"
2026-01-17T17:15:16.705258Z  INFO tailwindcss_oxide::scanner: Reading "G:\\DEV\\LAB\\thesimpsonsapi\\scripts\\audit-vercel-env.sh"
2026-01-17T17:15:16.705278Z  INFO tailwindcss_oxide::scanner: Reading "G:\\DEV\\LAB\\thesimpsonsapi\\test-auth.ts"
2026-01-17T17:15:16.705497Z  INFO extract_candidates:read_all_files: tailwindcss_oxide::scanner: exit
2026-01-17T17:15:16.705504Z  INFO extract_candidates:parse_all_blobs: tailwindcss_oxide::scanner: enter
2026-01-17T17:15:16.705508Z  INFO extract_candidates:parse_all_blobs:extract: tailwindcss_oxide::scanner: enter
2026-01-17T17:15:16.707987Z  INFO extract_candidates:parse_all_blobs:extract: tailwindcss_oxide::scanner: exit
2026-01-17T17:15:16.708220Z  INFO extract_candidates:parse_all_blobs: tailwindcss_oxide::scanner: exit
2026-01-17T17:15:16.708233Z  INFO extract_candidates:read_all_files: tailwindcss_oxide::scanner: enter
2026-01-17T17:15:16.708239Z  INFO extract_candidates:read_all_files: tailwindcss_oxide::scanner: Reading 1 file(s)
2026-01-17T17:15:16.708403Z  INFO extract_candidates:read_all_files: tailwindcss_oxide::scanner: Reading "G:\\DEV\\LAB\\thesimpsonsapi\\app\\globals.css"
2026-01-17T17:15:16.708428Z  INFO extract_candidates:read_all_files: tailwindcss_oxide::scanner: exit
2026-01-17T17:15:16.708439Z  INFO extract_candidates:extract_css_variables: tailwindcss_oxide::scanner: enter
2026-01-17T17:15:16.708443Z  INFO extract_candidates:extract_css_variables:extract: tailwindcss_oxide::scanner: enter
2026-01-17T17:15:16.708734Z  INFO extract_candidates:extract_css_variables:extract: tailwindcss_oxide::scanner: exit
2026-01-17T17:15:16.708752Z  INFO extract_candidates:extract_css_variables: tailwindcss_oxide::scanner: exit
2026-01-17T17:15:16.710292Z  INFO extract_candidates: tailwindcss_oxide::scanner: exit
2026-01-17T17:15:16.711490Z  INFO get_files: tailwindcss_oxide::scanner: enter
2026-01-17T17:15:16.711507Z  INFO get_files:scan_sources: tailwindcss_oxide::scanner: enter
2026-01-17T17:15:16.712887Z  INFO get_files:scan_sources: tailwindcss_oxide::scanner: Discovering "G:\\DEV\\LAB\\thesimpsonsapi\\app"
2026-01-17T17:15:16.712984Z  INFO get_files:scan_sources: tailwindcss_oxide::scanner: Discovering "G:\\DEV\\LAB\\thesimpsonsapi\\app\\api"
2026-01-17T17:15:16.713093Z  INFO get_files:scan_sources: tailwindcss_oxide::scanner: Discovering "G:\\DEV\\LAB\\thesimpsonsapi\\app\\api\\auth"
2026-01-17T17:15:16.713189Z  INFO get_files:scan_sources: tailwindcss_oxide::scanner: Discovering "G:\\DEV\\LAB\\thesimpsonsapi\\app\\api\\auth\\[...all]"
2026-01-17T17:15:16.713353Z  INFO get_files:scan_sources: tailwindcss_oxide::scanner: Discovering "G:\\DEV\\LAB\\thesimpsonsapi\\app\\characters"
2026-01-17T17:15:16.713454Z  INFO get_files:scan_sources: tailwindcss_oxide::scanner: Discovering "G:\\DEV\\LAB\\thesimpsonsapi\\app\\characters\\[id]"
2026-01-17T17:15:16.713571Z  INFO get_files:scan_sources: tailwindcss_oxide::scanner: Discovering "G:\\DEV\\LAB\\thesimpsonsapi\\app\\collections"
2026-01-17T17:15:16.713679Z  INFO get_files:scan_sources: tailwindcss_oxide::scanner: Discovering "G:\\DEV\\LAB\\thesimpsonsapi\\app\\diary"
2026-01-17T17:15:16.713787Z  INFO get_files:scan_sources: tailwindcss_oxide::scanner: Discovering "G:\\DEV\\LAB\\thesimpsonsapi\\app\\episodes"
2026-01-17T17:15:16.713885Z  INFO get_files:scan_sources: tailwindcss_oxide::scanner: Discovering "G:\\DEV\\LAB\\thesimpsonsapi\\app\\episodes\\[id]"
2026-01-17T17:15:16.714025Z  INFO get_files:scan_sources: tailwindcss_oxide::scanner: Discovering "G:\\DEV\\LAB\\thesimpsonsapi\\app\\guide"
2026-01-17T17:15:16.714111Z  INFO get_files:scan_sources: tailwindcss_oxide::scanner: Discovering "G:\\DEV\\LAB\\thesimpsonsapi\\app\\guide\\helper"
2026-01-17T17:15:16.714284Z  INFO get_files:scan_sources: tailwindcss_oxide::scanner: Discovering "G:\\DEV\\LAB\\thesimpsonsapi\\app\\login"
2026-01-17T17:15:16.714408Z  INFO get_files:scan_sources: tailwindcss_oxide::scanner: Discovering "G:\\DEV\\LAB\\thesimpsonsapi\\app\\register"
2026-01-17T17:15:16.714522Z  INFO get_files:scan_sources: tailwindcss_oxide::scanner: Discovering "G:\\DEV\\LAB\\thesimpsonsapi\\app\\_actions"
2026-01-17T17:15:16.714717Z  INFO get_files:scan_sources: tailwindcss_oxide::scanner: Discovering "G:\\DEV\\LAB\\thesimpsonsapi\\app\\_components"
2026-01-17T17:15:16.715164Z  INFO get_files:scan_sources: tailwindcss_oxide::scanner: Discovering "G:\\DEV\\LAB\\thesimpsonsapi\\app\\_lib"
2026-01-17T17:15:16.715382Z  INFO get_files:scan_sources: tailwindcss_oxide::scanner: Discovering "G:\\DEV\\LAB\\thesimpsonsapi\\components"
2026-01-17T17:15:16.715464Z  INFO get_files:scan_sources: tailwindcss_oxide::scanner: Discovering "G:\\DEV\\LAB\\thesimpsonsapi\\components\\ui"
2026-01-17T17:15:16.715770Z  INFO get_files:scan_sources: tailwindcss_oxide::scanner: Discovering "G:\\DEV\\LAB\\thesimpsonsapi\\docs"
2026-01-17T17:15:16.715957Z  INFO get_files:scan_sources: tailwindcss_oxide::scanner: Discovering "G:\\DEV\\LAB\\thesimpsonsapi\\docs\\test-screenshots"
2026-01-17T17:15:16.716201Z  INFO get_files:scan_sources: tailwindcss_oxide::scanner: Discovering "G:\\DEV\\LAB\\thesimpsonsapi\\guide"
2026-01-17T17:15:16.716411Z  INFO get_files:scan_sources: tailwindcss_oxide::scanner: Discovering "G:\\DEV\\LAB\\thesimpsonsapi\\guide\\screenshots"
2026-01-17T17:15:16.716555Z  INFO get_files:scan_sources: tailwindcss_oxide::scanner: Discovering "G:\\DEV\\LAB\\thesimpsonsapi\\lib"
2026-01-17T17:15:16.716903Z  INFO get_files:scan_sources: tailwindcss_oxide::scanner: Discovering "G:\\DEV\\LAB\\thesimpsonsapi\\prisma"
2026-01-17T17:15:16.717071Z  INFO get_files:scan_sources: tailwindcss_oxide::scanner: Discovering "G:\\DEV\\LAB\\thesimpsonsapi\\public"
2026-01-17T17:15:16.717193Z  INFO get_files:scan_sources: tailwindcss_oxide::scanner: Discovering "G:\\DEV\\LAB\\thesimpsonsapi\\public\\guide"
2026-01-17T17:15:16.717277Z  INFO get_files:scan_sources: tailwindcss_oxide::scanner: Discovering "G:\\DEV\\LAB\\thesimpsonsapi\\public\\guide\\screenshots"
2026-01-17T17:15:16.717410Z  INFO get_files:scan_sources: tailwindcss_oxide::scanner: Discovering "G:\\DEV\\LAB\\thesimpsonsapi\\public\\sounds"
2026-01-17T17:15:16.717566Z  INFO get_files:scan_sources: tailwindcss_oxide::scanner: Discovering "G:\\DEV\\LAB\\thesimpsonsapi\\scripts"
2026-01-17T17:15:16.717848Z  INFO get_files:scan_sources: tailwindcss_oxide::scanner: Discovering "G:\\DEV\\LAB\\thesimpsonsapi\\test-screenshots"
2026-01-17T17:15:16.717955Z  INFO get_files:scan_sources: tailwindcss_oxide::scanner: exit
2026-01-17T17:15:16.718100Z  INFO get_files: tailwindcss_oxide::scanner: exit
2026-01-17T17:15:16.718785Z  INFO get_globs: tailwindcss_oxide::scanner: enter
2026-01-17T17:15:16.718798Z  INFO get_globs:scan_sources: tailwindcss_oxide::scanner: enter
2026-01-17T17:15:16.720154Z  INFO get_globs:scan_sources: tailwindcss_oxide::scanner: Discovering "G:\\DEV\\LAB\\thesimpsonsapi\\app"
2026-01-17T17:15:16.720263Z  INFO get_globs:scan_sources: tailwindcss_oxide::scanner: Discovering "G:\\DEV\\LAB\\thesimpsonsapi\\app\\api"
2026-01-17T17:15:16.720356Z  INFO get_globs:scan_sources: tailwindcss_oxide::scanner: Discovering "G:\\DEV\\LAB\\thesimpsonsapi\\app\\api\\auth"
2026-01-17T17:15:16.720442Z  INFO get_globs:scan_sources: tailwindcss_oxide::scanner: Discovering "G:\\DEV\\LAB\\thesimpsonsapi\\app\\api\\auth\\[...all]"
2026-01-17T17:15:16.720607Z  INFO get_globs:scan_sources: tailwindcss_oxide::scanner: Discovering "G:\\DEV\\LAB\\thesimpsonsapi\\app\\characters"
2026-01-17T17:15:16.720718Z  INFO get_globs:scan_sources: tailwindcss_oxide::scanner: Discovering "G:\\DEV\\LAB\\thesimpsonsapi\\app\\characters\\[id]"
2026-01-17T17:15:16.720853Z  INFO get_globs:scan_sources: tailwindcss_oxide::scanner: Discovering "G:\\DEV\\LAB\\thesimpsonsapi\\app\\collections"
2026-01-17T17:15:16.720974Z  INFO get_globs:scan_sources: tailwindcss_oxide::scanner: Discovering "G:\\DEV\\LAB\\thesimpsonsapi\\app\\diary"
2026-01-17T17:15:16.721093Z  INFO get_globs:scan_sources: tailwindcss_oxide::scanner: Discovering "G:\\DEV\\LAB\\thesimpsonsapi\\app\\episodes"
2026-01-17T17:15:16.721191Z  INFO get_globs:scan_sources: tailwindcss_oxide::scanner: Discovering "G:\\DEV\\LAB\\thesimpsonsapi\\app\\episodes\\[id]"
2026-01-17T17:15:16.721326Z  INFO get_globs:scan_sources: tailwindcss_oxide::scanner: Discovering "G:\\DEV\\LAB\\thesimpsonsapi\\app\\guide"
2026-01-17T17:15:16.721407Z  INFO get_globs:scan_sources: tailwindcss_oxide::scanner: Discovering "G:\\DEV\\LAB\\thesimpsonsapi\\app\\guide\\helper"
2026-01-17T17:15:16.721606Z  INFO get_globs:scan_sources: tailwindcss_oxide::scanner: Discovering "G:\\DEV\\LAB\\thesimpsonsapi\\app\\login"
2026-01-17T17:15:16.721744Z  INFO get_globs:scan_sources: tailwindcss_oxide::scanner: Discovering "G:\\DEV\\LAB\\thesimpsonsapi\\app\\register"
2026-01-17T17:15:16.721850Z  INFO get_globs:scan_sources: tailwindcss_oxide::scanner: Discovering "G:\\DEV\\LAB\\thesimpsonsapi\\app\\_actions"
2026-01-17T17:15:16.722063Z  INFO get_globs:scan_sources: tailwindcss_oxide::scanner: Discovering "G:\\DEV\\LAB\\thesimpsonsapi\\app\\_components"
2026-01-17T17:15:16.722803Z  INFO get_globs:scan_sources: tailwindcss_oxide::scanner: Discovering "G:\\DEV\\LAB\\thesimpsonsapi\\app\\_lib"
2026-01-17T17:15:16.723304Z  INFO get_globs:scan_sources: tailwindcss_oxide::scanner: Discovering "G:\\DEV\\LAB\\thesimpsonsapi\\components"
2026-01-17T17:15:16.723460Z  INFO get_globs:scan_sources: tailwindcss_oxide::scanner: Discovering "G:\\DEV\\LAB\\thesimpsonsapi\\components\\ui"
2026-01-17T17:15:16.723804Z  INFO get_globs:scan_sources: tailwindcss_oxide::scanner: Discovering "G:\\DEV\\LAB\\thesimpsonsapi\\docs"
2026-01-17T17:15:16.723999Z  INFO get_globs:scan_sources: tailwindcss_oxide::scanner: Discovering "G:\\DEV\\LAB\\thesimpsonsapi\\docs\\test-screenshots"
2026-01-17T17:15:16.724211Z  INFO get_globs:scan_sources: tailwindcss_oxide::scanner: Discovering "G:\\DEV\\LAB\\thesimpsonsapi\\guide"
2026-01-17T17:15:16.724406Z  INFO get_globs:scan_sources: tailwindcss_oxide::scanner: Discovering "G:\\DEV\\LAB\\thesimpsonsapi\\guide\\screenshots"
2026-01-17T17:15:16.724542Z  INFO get_globs:scan_sources: tailwindcss_oxide::scanner: Discovering "G:\\DEV\\LAB\\thesimpsonsapi\\lib"
2026-01-17T17:15:16.724895Z  INFO get_globs:scan_sources: tailwindcss_oxide::scanner: Discovering "G:\\DEV\\LAB\\thesimpsonsapi\\prisma"
2026-01-17T17:15:16.725071Z  INFO get_globs:scan_sources: tailwindcss_oxide::scanner: Discovering "G:\\DEV\\LAB\\thesimpsonsapi\\public"
2026-01-17T17:15:16.725200Z  INFO get_globs:scan_sources: tailwindcss_oxide::scanner: Discovering "G:\\DEV\\LAB\\thesimpsonsapi\\public\\guide"
2026-01-17T17:15:16.725290Z  INFO get_globs:scan_sources: tailwindcss_oxide::scanner: Discovering "G:\\DEV\\LAB\\thesimpsonsapi\\public\\guide\\screenshots"
2026-01-17T17:15:16.725433Z  INFO get_globs:scan_sources: tailwindcss_oxide::scanner: Discovering "G:\\DEV\\LAB\\thesimpsonsapi\\public\\sounds"
2026-01-17T17:15:16.725602Z  INFO get_globs:scan_sources: tailwindcss_oxide::scanner: Discovering "G:\\DEV\\LAB\\thesimpsonsapi\\scripts"
2026-01-17T17:15:16.725911Z  INFO get_globs:scan_sources: tailwindcss_oxide::scanner: Discovering "G:\\DEV\\LAB\\thesimpsonsapi\\test-screenshots"
2026-01-17T17:15:16.726034Z  INFO get_globs:scan_sources: tailwindcss_oxide::scanner: exit
2026-01-17T17:15:16.734276Z  INFO get_globs: tailwindcss_oxide::scanner: exit
